
Memory Configuration

Name             Origin             Length             Attributes
flash            0x08000000         0x00020000         xr
SRAM             0x20000000         0x00005000         xrw
*default*        0x00000000         0xffffffff

Linker script and memory map


.text           0x08000000      0x2d4
 *(.vectors*)
 .vectors       0x08000000       0x1c src/startup.o
                0x08000000                vectors
 *(.text*)
 .text          0x0800001c       0x78 src/AlarmActuator.o
                0x0800001c                AlarmActuator_Init
                0x08000040                AlarmActuator_SetAlarm
 .text          0x08000094       0x6c src/Algorithm.o
                0x08000094                CheckPressureValue
 .text          0x08000100       0x24 src/Delay.o
                0x08000100                Delay
 .text          0x08000124       0x80 src/GPIO.o
                0x08000124                GPIO_Init
 .text          0x080001a4       0x28 src/main.o
                0x080001a4                main
 .text          0x080001cc       0x44 src/PressureSenesor.o
                0x080001cc                PressureSensor_Init
                0x080001dc                PressureSensor_GetPressureValue
 .text          0x08000210       0xc4 src/startup.o
                0x08000210                Bus_fault
                0x08000210                MM_fault_Handler
                0x08000210                Usage_fault_Handler
                0x08000210                H_fault_Handler
                0x08000210                Default_Handler
                0x08000210                NMI_Handler
                0x0800021c                Reset_Handler
 *(.rodata*)
                0x080002d4                _E_text = .

.glue_7         0x080002d4        0x0
 .glue_7        0x00000000        0x0 linker stubs

.glue_7t        0x080002d4        0x0
 .glue_7t       0x00000000        0x0 linker stubs

.vfp11_veneer   0x080002d4        0x0
 .vfp11_veneer  0x00000000        0x0 linker stubs

.v4_bx          0x080002d4        0x0
 .v4_bx         0x00000000        0x0 linker stubs

.iplt           0x080002d4        0x0
 .iplt          0x00000000        0x0 src/Algorithm.o

.rel.dyn        0x080002d4        0x0
 .rel.iplt      0x00000000        0x0 src/Algorithm.o

.debug
 *(.debug*)

.data           0x20000000        0x0 load address 0x080002d4
                0x20000000                _S_DATA = .
 *(.data*)
 .data          0x20000000        0x0 src/AlarmActuator.o
 .data          0x20000000        0x0 src/Algorithm.o
 .data          0x20000000        0x0 src/Delay.o
 .data          0x20000000        0x0 src/GPIO.o
 .data          0x20000000        0x0 src/main.o
 .data          0x20000000        0x0 src/PressureSenesor.o
 .data          0x20000000        0x0 src/startup.o
                0x20000000                . = ALIGN (0x4)
                0x20000000                _E_DATA = .

.igot.plt       0x20000000        0x0 load address 0x080002d4
 .igot.plt      0x00000000        0x0 src/Algorithm.o

.bss            0x20000000     0x1004 load address 0x080002d4
                0x20000000                _S_BSS = .
 *(.bss*)
 .bss           0x20000000        0x0 src/AlarmActuator.o
 .bss           0x20000000        0x1 src/Algorithm.o
                0x20000000                Alarm_Flag
 .bss           0x20000001        0x0 src/Delay.o
 .bss           0x20000001        0x0 src/GPIO.o
 .bss           0x20000001        0x0 src/main.o
 .bss           0x20000001        0x0 src/PressureSenesor.o
 .bss           0x20000001        0x0 src/startup.o
                0x20000001                _E_BSS = .
                0x20000004                . = ALIGN (0x4)
 *fill*         0x20000001        0x3 
                0x20001004                . = (. + 0x1000)
 *fill*         0x20000004     0x1000 
                0x20001004                _stack_top = .
LOAD src/AlarmActuator.o
LOAD src/Algorithm.o
LOAD src/Delay.o
LOAD src/GPIO.o
LOAD src/main.o
LOAD src/PressureSenesor.o
LOAD src/startup.o
OUTPUT(HighPressureDetectionSystem.elf elf32-littlearm)

.comment        0x00000000       0x11
 .comment       0x00000000       0x11 src/AlarmActuator.o
                                 0x12 (size before relaxing)
 .comment       0x00000000       0x12 src/Algorithm.o
 .comment       0x00000000       0x12 src/Delay.o
 .comment       0x00000000       0x12 src/GPIO.o
 .comment       0x00000000       0x12 src/main.o
 .comment       0x00000000       0x12 src/PressureSenesor.o
 .comment       0x00000000       0x12 src/startup.o

.ARM.attributes
                0x00000000       0x33
 .ARM.attributes
                0x00000000       0x33 src/AlarmActuator.o
 .ARM.attributes
                0x00000033       0x33 src/Algorithm.o
 .ARM.attributes
                0x00000066       0x33 src/Delay.o
 .ARM.attributes
                0x00000099       0x33 src/GPIO.o
 .ARM.attributes
                0x000000cc       0x33 src/main.o
 .ARM.attributes
                0x000000ff       0x33 src/PressureSenesor.o
 .ARM.attributes
                0x00000132       0x33 src/startup.o
