
Memory Configuration

Name             Origin             Length             Attributes
flash            0x00000000         0x20000000         xr
SRAM             0x20000000         0x20000000         xrw
*default*        0x00000000         0xffffffff

Linker script and memory map


.text           0x00000000      0x1b0
 *(.vectors*)
 .vectors       0x00000000       0x1c startup.o
                0x00000000                vectors
 *(.text*)
 .text          0x0000001c       0xd0 main.o
                0x0000001c                main
 .text          0x000000ec       0xc4 startup.o
                0x000000ec                Bus_fault
                0x000000ec                MM_fault_Handler
                0x000000ec                Usage_fault_Handler
                0x000000ec                H_fault_Handler
                0x000000ec                Default_Handler
                0x000000ec                NMI_Handler
                0x000000f8                Reset_Handler
 *(.rodata*)
                0x000001b0                _E_text = .

.glue_7         0x000001b0        0x0
 .glue_7        0x00000000        0x0 linker stubs

.glue_7t        0x000001b0        0x0
 .glue_7t       0x00000000        0x0 linker stubs

.vfp11_veneer   0x000001b0        0x0
 .vfp11_veneer  0x00000000        0x0 linker stubs

.v4_bx          0x000001b0        0x0
 .v4_bx         0x00000000        0x0 linker stubs

.iplt           0x000001b0        0x0
 .iplt          0x00000000        0x0 main.o

.rel.dyn        0x000001b0        0x0
 .rel.iplt      0x00000000        0x0 main.o

.debug          0x00000000      0x708
 *(.debug*)
 .debug_info    0x00000000       0xa8 main.o
 .debug_abbrev  0x000000a8       0x67 main.o
 .debug_loc     0x0000010f       0x38 main.o
 .debug_aranges
                0x00000147       0x20 main.o
 .debug_line    0x00000167       0x78 main.o
 .debug_str     0x000001df       0xe6 main.o
                                 0xff (size before relaxing)
 *fill*         0x000002c5        0x3 
 .debug_frame   0x000002c8       0x2c main.o
 .debug_info    0x000002f4      0x173 startup.o
 .debug_abbrev  0x00000467       0xc2 startup.o
 .debug_loc     0x00000529       0x64 startup.o
 .debug_aranges
                0x0000058d       0x20 startup.o
 .debug_line    0x000005ad       0x7e startup.o
 .debug_str     0x0000062b       0x8f startup.o
                                0x176 (size before relaxing)
 *fill*         0x000006ba        0x2 
 .debug_frame   0x000006bc       0x4c startup.o

.comment        0x00000000       0x11
 .comment       0x00000000       0x11 main.o
                                 0x12 (size before relaxing)
 .comment       0x00000000       0x12 startup.o

.ARM.attributes
                0x00000000       0x33
 .ARM.attributes
                0x00000000       0x33 main.o
 .ARM.attributes
                0x00000033       0x33 startup.o

.data           0x20000000        0x0 load address 0x000001b0
                0x20000000                _S_DATA = .
 *(.data*)
 .data          0x20000000        0x0 main.o
 .data          0x20000000        0x0 startup.o
                0x20000000                . = ALIGN (0x4)
                0x20000000                _E_DATA = .

.igot.plt       0x20000000        0x0 load address 0x000001b0
 .igot.plt      0x00000000        0x0 main.o

.bss            0x20000000     0x1000 load address 0x000001b0
                0x20000000                _S_BSS = .
 *(.bss*)
 .bss           0x20000000        0x0 main.o
 .bss           0x20000000        0x0 startup.o
                0x20000000                _E_BSS = .
                0x20000000                . = ALIGN (0x4)
                0x20001000                . = (. + 0x1000)
 *fill*         0x20000000     0x1000 
                0x20001000                _stack_top = .
LOAD main.o
LOAD startup.o
OUTPUT(Project_CortexM4.elf elf32-littlearm)
