
Memory Configuration

Name             Origin             Length             Attributes
flash            0x08000000         0x00020000         xr
SRAM             0x20000000         0x00005000         xrw
*default*        0x00000000         0xffffffff

Linker script and memory map


.text           0x08000000      0x18c
 *(.vectors*)
 .vectors       0x08000000       0x1c startup.o
                0x08000000                vectors
 *(.text*)
 .text          0x0800001c       0xa8 main.o
                0x0800001c                main
 .text          0x080000c4       0xc4 startup.o
                0x080000c4                Bus_fault
                0x080000c4                MM_fault_Handler
                0x080000c4                Usage_fault_Handler
                0x080000c4                H_fault_Handler
                0x080000c4                Default_Handler
                0x080000c4                NMI_Handler
                0x080000d0                Reset_Handler
 *(.rodata*)
 .rodata        0x08000188        0x4 main.o
                0x08000188                array2
                0x0800018c                _E_text = .

.glue_7         0x0800018c        0x0
 .glue_7        0x00000000        0x0 linker stubs

.glue_7t        0x0800018c        0x0
 .glue_7t       0x00000000        0x0 linker stubs

.vfp11_veneer   0x0800018c        0x0
 .vfp11_veneer  0x00000000        0x0 linker stubs

.v4_bx          0x0800018c        0x0
 .v4_bx         0x00000000        0x0 linker stubs

.iplt           0x0800018c        0x0
 .iplt          0x00000000        0x0 main.o

.rel.dyn        0x0800018c        0x0
 .rel.iplt      0x00000000        0x0 main.o

.debug          0x00000000      0x878
 *(.debug*)
 .debug_info    0x00000000      0x179 main.o
 .debug_abbrev  0x00000179       0xe1 main.o
 .debug_loc     0x0000025a       0x38 main.o
 .debug_aranges
                0x00000292       0x20 main.o
 .debug_line    0x000002b2       0x6a main.o
 .debug_str     0x0000031c      0x12a main.o
                                0x149 (size before relaxing)
 *fill*         0x00000446        0x2 
 .debug_frame   0x00000448       0x2c main.o
 .debug_info    0x00000474      0x173 startup.o
 .debug_abbrev  0x000005e7       0xc2 startup.o
 .debug_loc     0x000006a9       0x64 startup.o
 .debug_aranges
                0x0000070d       0x20 startup.o
 .debug_line    0x0000072d       0x7e startup.o
 .debug_str     0x000007ab       0x80 startup.o
                                0x178 (size before relaxing)
 *fill*         0x0000082b        0x1 
 .debug_frame   0x0000082c       0x4c startup.o

.comment        0x00000000       0x11
 .comment       0x00000000       0x11 main.o
                                 0x12 (size before relaxing)
 .comment       0x00000000       0x12 startup.o

.ARM.attributes
                0x00000000       0x33
 .ARM.attributes
                0x00000000       0x33 main.o
 .ARM.attributes
                0x00000033       0x33 startup.o

.data           0x20000000        0x8 load address 0x0800018c
                0x20000000                _S_DATA = .
 *(.data*)
 .data          0x20000000        0x8 main.o
                0x20000000                p_ODR
                0x20000004                array1
 .data          0x20000008        0x0 startup.o
                0x20000008                . = ALIGN (0x4)
                0x20000008                _E_DATA = .

.igot.plt       0x20000008        0x0 load address 0x08000194
 .igot.plt      0x00000000        0x0 main.o

.bss            0x20000008     0x1000 load address 0x08000194
                0x20000008                _S_BSS = .
 *(.bss*)
 .bss           0x20000008        0x0 main.o
 .bss           0x20000008        0x0 startup.o
                0x20000008                _E_BSS = .
                0x20000008                . = ALIGN (0x4)
                0x20001008                . = (. + 0x1000)
 *fill*         0x20000008     0x1000 
                0x20001008                _stack_top = .
LOAD main.o
LOAD startup.o
OUTPUT(Project_CortexM3.elf elf32-littlearm)
